// Jest Snapshot v1, https://goo.gl/fbAQLP

exports[`RadioStationList test renders a grid with items 1`] = `
<div>
  <style
    data-mantine-styles="classes"
  >
    @media (max-width: 35.99375em) {.mantine-visible-from-xs {display: none !important;}}@media (min-width: 36em) {.mantine-hidden-from-xs {display: none !important;}}@media (max-width: 47.99375em) {.mantine-visible-from-sm {display: none !important;}}@media (min-width: 48em) {.mantine-hidden-from-sm {display: none !important;}}@media (max-width: 61.99375em) {.mantine-visible-from-md {display: none !important;}}@media (min-width: 62em) {.mantine-hidden-from-md {display: none !important;}}@media (max-width: 74.99375em) {.mantine-visible-from-lg {display: none !important;}}@media (min-width: 75em) {.mantine-hidden-from-lg {display: none !important;}}@media (max-width: 87.99375em) {.mantine-visible-from-xl {display: none !important;}}@media (min-width: 88em) {.mantine-hidden-from-xl {display: none !important;}}
  </style>
  <style
    data-mantine-styles="inline"
  >
    .__m__-r0{--grid-gutter:calc(0.3125rem * var(--mantine-scale));}@media(min-width: 36em){.__m__-r0{--grid-gutter:var(--mantine-spacing-md);}}@media(min-width: 62em){.__m__-r0{--grid-gutter:var(--mantine-spacing-xl);}}@media(min-width: 88em){.__m__-r0{--grid-gutter:calc(3.125rem * var(--mantine-scale));}}
  </style>
  <div
    class="m_410352e9 mantine-Grid-root __m__-r0"
    data-testid="radio-grid"
    style="--grid-align: stretch;"
  >
    <div
      class="m_dee7bd2f mantine-Grid-inner"
    >
      <div>
        Grid col
      </div>
    </div>
  </div>
</div>
`;
